[bajes_inject] [06-05-2026-12:20] INFO: Running bajes inject:
[bajes_inject] [06-05-2026-12:20] INFO: ... setting detector H1 for injection ...
[bajes_inject] [06-05-2026-12:21] INFO: Running bajes inject:
[bajes_inject] [06-05-2026-12:21] INFO: ... setting detector H1 for injection ...
[bajes_inject] [06-05-2026-12:21] INFO: ... setting detector L1 for injection ...
[bajes_inject] [06-05-2026-12:21] INFO: ... injecting signal with optimal sky location for H1 ...
[bajes_inject] [06-05-2026-12:21] INFO:   - right ascenscion = 1.864
[bajes_inject] [06-05-2026-12:21] INFO:   - declination      = 0.811
[bajes_inject] [06-05-2026-12:21] INFO:   - polarization     = 0.000
[bajes_inject] [06-05-2026-12:21] INFO: ... injecting waveform into detectors ...
[bajes_inject] [06-05-2026-12:21] INFO: Generating zero-noise injection ...
[bajes_inject] [06-05-2026-12:21] INFO: Generating polarizations from config file ...
[bajes_inject] [06-05-2026-12:21] INFO: Overriding the right ascension value found in the parameter file.
[bajes_inject] [06-05-2026-12:21] INFO: Overriding the declination value found in the parameter file.
[bajes_inject] [06-05-2026-12:21] INFO: Overriding the polarization value found in the parameter file.
[bajes_inject] [06-05-2026-12:21] INFO: Generating injection with the paramters:
[bajes_inject] [06-05-2026-12:21] INFO: approx: TEOBResumSPA
[bajes_inject] [06-05-2026-12:21] INFO: mchirp: 1.188
[bajes_inject] [06-05-2026-12:21] INFO: q: 1.0
[bajes_inject] [06-05-2026-12:21] INFO: lambda1: 600.0
[bajes_inject] [06-05-2026-12:21] INFO: lambda2: 600.0
[bajes_inject] [06-05-2026-12:21] INFO: iota: 0.0
[bajes_inject] [06-05-2026-12:21] INFO: distance: 120.0
[bajes_inject] [06-05-2026-12:21] INFO: s1x: 0.0
[bajes_inject] [06-05-2026-12:21] INFO: s1y: 0.0
[bajes_inject] [06-05-2026-12:21] INFO: s1z: 0.0
[bajes_inject] [06-05-2026-12:21] INFO: s2x: 0.0
[bajes_inject] [06-05-2026-12:21] INFO: s2y: 0.0
[bajes_inject] [06-05-2026-12:21] INFO: s2z: 0.0
[bajes_inject] [06-05-2026-12:21] INFO: ra: 1.863618816911528
[bajes_inject] [06-05-2026-12:21] INFO: dec: 0.81079526383
[bajes_inject] [06-05-2026-12:21] INFO: psi: 0.0
[bajes_inject] [06-05-2026-12:21] INFO: phi_ref: 0.0
[bajes_inject] [06-05-2026-12:21] INFO: time_shift: 0.0
[bajes_inject] [06-05-2026-12:21] INFO: eccentricity: 0.0
[bajes_inject] [06-05-2026-12:21] INFO: lmax: 0.0
[bajes_inject] [06-05-2026-12:21] INFO: Eprior: Constrained
[bajes_inject] [06-05-2026-12:21] INFO: nqc-TEOBHyp: 1
[bajes_inject] [06-05-2026-12:21] INFO: f_min: 20.0
[bajes_inject] [06-05-2026-12:21] INFO: f_max: 2048.0
[bajes_inject] [06-05-2026-12:21] INFO: seglen: 128.0
[bajes_inject] [06-05-2026-12:21] INFO: srate: 4096.0
[bajes_inject] [06-05-2026-12:21] INFO: t_gps: 126259462.0
[bajes_inject] [06-05-2026-12:21] INFO: tukey: 0.003125
[bajes_inject] [06-05-2026-12:22] INFO: Running bajes inject:
[bajes_inject] [06-05-2026-12:22] INFO: ... setting detector H1 for injection ...
[bajes_inject] [06-05-2026-12:22] INFO: ... setting detector L1 for injection ...
[bajes_inject] [06-05-2026-12:22] INFO: ... injecting signal with optimal sky location for H1 ...
[bajes_inject] [06-05-2026-12:22] INFO:   - right ascenscion = 1.864
[bajes_inject] [06-05-2026-12:22] INFO:   - declination      = 0.811
[bajes_inject] [06-05-2026-12:22] INFO:   - polarization     = 0.000
[bajes_inject] [06-05-2026-12:22] INFO: ... injecting waveform into detectors ...
[bajes_inject] [06-05-2026-12:22] INFO: Generating zero-noise injection ...
[bajes_inject] [06-05-2026-12:22] INFO: Generating polarizations from config file ...
[bajes_inject] [06-05-2026-12:22] INFO: Overriding the right ascension value found in the parameter file.
[bajes_inject] [06-05-2026-12:22] INFO: Overriding the declination value found in the parameter file.
[bajes_inject] [06-05-2026-12:22] INFO: Overriding the polarization value found in the parameter file.
[bajes_inject] [06-05-2026-12:22] INFO: Generating injection with the paramters:
[bajes_inject] [06-05-2026-12:22] INFO: approx: TEOBResumSPA
[bajes_inject] [06-05-2026-12:22] INFO: mchirp: 1.188
[bajes_inject] [06-05-2026-12:22] INFO: q: 1.0
[bajes_inject] [06-05-2026-12:22] INFO: lambda1: 600.0
[bajes_inject] [06-05-2026-12:22] INFO: lambda2: 600.0
[bajes_inject] [06-05-2026-12:22] INFO: iota: 0.0
[bajes_inject] [06-05-2026-12:22] INFO: distance: 120.0
[bajes_inject] [06-05-2026-12:22] INFO: s1x: 0.0
[bajes_inject] [06-05-2026-12:22] INFO: s1y: 0.0
[bajes_inject] [06-05-2026-12:22] INFO: s1z: 0.0
[bajes_inject] [06-05-2026-12:22] INFO: s2x: 0.0
[bajes_inject] [06-05-2026-12:22] INFO: s2y: 0.0
[bajes_inject] [06-05-2026-12:22] INFO: s2z: 0.0
[bajes_inject] [06-05-2026-12:22] INFO: ra: 1.863618816911528
[bajes_inject] [06-05-2026-12:22] INFO: dec: 0.81079526383
[bajes_inject] [06-05-2026-12:22] INFO: psi: 0.0
[bajes_inject] [06-05-2026-12:22] INFO: phi_ref: 0.0
[bajes_inject] [06-05-2026-12:22] INFO: time_shift: 0.0
[bajes_inject] [06-05-2026-12:22] INFO: eccentricity: 0.0
[bajes_inject] [06-05-2026-12:22] INFO: lmax: 0.0
[bajes_inject] [06-05-2026-12:22] INFO: Eprior: Constrained
[bajes_inject] [06-05-2026-12:22] INFO: nqc-TEOBHyp: 1
[bajes_inject] [06-05-2026-12:22] INFO: f_min: 20.0
[bajes_inject] [06-05-2026-12:22] INFO: f_max: 2048.0
[bajes_inject] [06-05-2026-12:22] INFO: seglen: 128.0
[bajes_inject] [06-05-2026-12:22] INFO: srate: 4096.0
[bajes_inject] [06-05-2026-12:22] INFO: t_gps: 126259462.0
[bajes_inject] [06-05-2026-12:22] INFO: tukey: 0.003125
